This is pdfTeX, Version 3.141592653-2.6-1.40.28 (MiKTeX 25.12) (preloaded format=pdflatex 2026.5.1)  17 JUL 2026 17:06
entering extended mode
 restricted \write18 enabled.
 %&-line parsing enabled.
**./memorianueva.tex
(memorianueva.tex
LaTeX2e <2025-11-01>
L3 programming layer <2025-12-24>
(MastersDoctoralThesis.cls
Document Class: MastersDoctoralThesis 2016/03/25 v1.4 LaTeXTemplates.com
(C:\Users\chris\AppData\Local\Programs\MiKTeX\tex/latex/etoolbox\etoolbox.sty
Package: etoolbox 2025/10/02 v2.5m e-TeX tools for LaTeX (JAW)
\etb@tempcnta=\count275
)
(C:\Users\chris\AppData\Local\Programs\MiKTeX\tex/latex/l3packages/xparse\xpars
e.sty
(C:\Users\chris\AppData\Local\Programs\MiKTeX\tex/latex/l3kernel\expl3.sty
Package: expl3 2025-12-24 L3 programming layer (loader) 

(C:\Users\chris\AppData\Local\Programs\MiKTeX\tex/latex/l3backend\l3backend-pdf
tex.def
File: l3backend-pdftex.def 2025-10-09 L3 backend support: PDF output (pdfTeX)
\l__color_backend_stack_int=\count276
))
Package: xparse 2025-10-09 L3 Experimental document command parser
)
(C:\Users\chris\AppData\Local\Programs\MiKTeX\tex/latex/base\book.cls
Document Class: book 2025/01/22 v1.4n Standard LaTeX document class
(C:\Users\chris\AppData\Local\Programs\MiKTeX\tex/latex/base\bk11.clo
File: bk11.clo 2025/01/22 v1.4n Standard LaTeX file (size option)
)
\c@part=\count277
\c@chapter=\count278
\c@section=\count279
\c@subsection=\count280
\c@subsubsection=\count281
\c@paragraph=\count282
\c@subparagraph=\count283
\c@figure=\count284
\c@table=\count285
\abovecaptionskip=\skip49
\belowcaptionskip=\skip50
\bibindent=\dimen148
)
(C:\Users\chris\AppData\Local\Programs\MiKTeX\tex/latex/parskip\parskip.sty
Package: parskip 2021-03-14 v2.0h non-zero parskip adjustments

(C:\Users\chris\AppData\Local\Programs\MiKTeX\tex/latex/kvoptions\kvoptions.sty
Package: kvoptions 2022-06-15 v3.15 Key value format for package options (HO)
(C:\Users\chris\AppData\Local\Programs\MiKTeX\tex/latex/graphics\keyval.sty
Package: keyval 2022/05/29 v1.15 key=value parser (DPC)
\KV@toks@=\toks17
)
(C:\Users\chris\AppData\Local\Programs\MiKTeX\tex/generic/ltxcmds\ltxcmds.sty
Package: ltxcmds 2023-12-04 v1.26 LaTeX kernel commands for general use (HO)
)
(C:\Users\chris\AppData\Local\Programs\MiKTeX\tex/latex/kvsetkeys\kvsetkeys.sty
Package: kvsetkeys 2022-10-05 v1.19 Key value parser (HO)
))) (C:\Users\chris\AppData\Local\Programs\MiKTeX\tex/generic/babel\babel.sty
Package: babel 2025/12/11 v25.17 The multilingual framework for LuaLaTeX, pdfLa
TeX and XeLaTeX
\babel@savecnt=\count286
LaTeX Encoding Info:    Redeclaring text command \ij (encoding OT1) on input li
ne 2068.
LaTeX Encoding Info:    Redeclaring text command \IJ (encoding OT1) on input li
ne 2070.
LaTeX Encoding Info:    Redeclaring text command \ij (encoding T1) on input lin
e 2072.
LaTeX Encoding Info:    Redeclaring text command \IJ (encoding T1) on input lin
e 2073.
LaTeX Encoding Info:    Ignoring declaration for text command \ij (encoding ?) 
on input line 2074.
LaTeX Encoding Info:    Ignoring declaration for text command \IJ (encoding ?) 
on input line 2076.
LaTeX Encoding Info:    Ignoring declaration for text command \SS (encoding ?) 
on input line 2101.
\U@D=\dimen149
\l@unhyphenated=\language79

(C:\Users\chris\AppData\Local\Programs\MiKTeX\tex/generic/babel\txtbabel.def)
\bbl@readstream=\read2
\bbl@dirlevel=\count287
Package babel Info: Configuration files are deprecated, as
(babel)             they can break document portability.
(babel)             Reported on input line 4196.

*************************************
* Local config file bblopts.cfg used
*
(C:\Users\chris\AppData\Local\Programs\MiKTeX\tex/latex/arabi\bblopts.cfg
File: bblopts.cfg 2005/09/08 v0.1 add Arabic and Farsi to "declared" options of
 babel
)
(C:\Users\chris\AppData\Local\Programs\MiKTeX\tex/generic/babel/locale/es\babel
-spanish.tex)
Package babel Info: Importing font and identification data for spanish
(babel)             from babel-es.ini. Reported on input line 4320.

(C:\Users\chris\AppData\Local\Programs\MiKTeX\tex/latex/babel-spanish\spanish.l
df
Language: spanish.ldf 2021/05/27 v5.0q Spanish support from the babel system
\es@quottoks=\toks18
\es@quotdepth=\count288
Package babel Info: Making " an active character on input line 570.
Package babel Info: Making . an active character on input line 675.
Package babel Info: Making < an active character on input line 722.
Package babel Info: Making > an active character on input line 722.
))
LaTeX Encoding Info:    Redeclaring text command \guillemotleft (encoding OT1) 
on input line 183.
LaTeX Encoding Info:    Redeclaring text command \guillemotright (encoding OT1)
 on input line 183.

(C:\Users\chris\AppData\Local\Programs\MiKTeX\tex/latex/koma-script\scrbase.sty
Package: scrbase 2026/02/02 v3.49.2 KOMA-Script package (KOMA-Script-independen
t basics and keyval usage)

(C:\Users\chris\AppData\Local\Programs\MiKTeX\tex/latex/koma-script\scrlfile.st
y
Package: scrlfile 2026/02/02 v3.49.2 KOMA-Script package (file load hooks)

(C:\Users\chris\AppData\Local\Programs\MiKTeX\tex/latex/koma-script\scrlfile-ho
ok.sty
Package: scrlfile-hook 2026/02/02 v3.49.2 KOMA-Script package (using LaTeX hook
s)

(C:\Users\chris\AppData\Local\Programs\MiKTeX\tex/latex/koma-script\scrlogo.sty
Package: scrlogo 2026/02/02 v3.49.2 KOMA-Script package (logo)
)))
Applying: [2021/05/01] Usage of raw or classic option list on input line 254.
Already applied: [0000/00/00] Usage of raw or classic option list on input line
 370.
)
(C:\Users\chris\AppData\Local\Programs\MiKTeX\tex/latex/scrhack\scrhack.sty
Package: scrhack 2024-09-04 v3.42 scrhack emulation package
)
(C:\Users\chris\AppData\Local\Programs\MiKTeX\tex/latex/setspace\setspace.sty
Package: setspace 2022/12/04 v6.7b set line spacing
)
(C:\Users\chris\AppData\Local\Programs\MiKTeX\tex/latex/setspaceenhanced\setspa
ceenhanced.sty
Package: setspaceenhanced 2024-11-12 v1.04 improved setspace package
)
(C:\Users\chris\AppData\Local\Programs\MiKTeX\tex/latex/tools\longtable.sty
Package: longtable 2025-10-13 v4.24 Multi-page Table package (DPC)
\LTleft=\skip51
\LTright=\skip52
\LTpre=\skip53
\LTpost=\skip54
\LTchunksize=\count289
\LTcapwidth=\dimen150
\LT@head=\box53
\LT@firsthead=\box54
\LT@foot=\box55
\LT@lastfoot=\box56
\LT@gbox=\box57
\LT@cols=\count290
\LT@rows=\count291
\c@LT@tables=\count292
\c@LT@chunks=\count293
\LT@p@ftn=\toks19
)
(C:\Users\chris\AppData\Local\Programs\MiKTeX\tex/latex/siunitx\siunitx.sty
Package: siunitx 2026-04-15 v3.5.4 A comprehensive (SI) units package
\l__siunitx_number_uncert_offset_int=\count294
\l__siunitx_number_exponent_fixed_int=\count295
\l__siunitx_number_min_decimal_int=\count296
\l__siunitx_number_min_integer_int=\count297
\l__siunitx_number_round_precision_int=\count298
\l__siunitx_number_lower_threshold_int=\count299
\l__siunitx_number_upper_threshold_int=\count300
\l__siunitx_number_group_first_int=\count301
\l__siunitx_number_group_size_int=\count302
\l__siunitx_number_group_min_int=\count303
\l__siunitx_number_group_minimum_int=\count304
\l__siunitx_compound_count_int=\count305

(C:\Users\chris\AppData\Local\Programs\MiKTeX\tex/latex/translations\translatio
ns.sty
Package: translations 2022/02/05 v1.12 internationalization of LaTeX2e packages
 (CN)

(C:\Users\chris\AppData\Local\Programs\MiKTeX\tex/generic/pdftexcmds\pdftexcmds
.sty
Package: pdftexcmds 2020-06-27 v0.33 Utility functions of pdfTeX for LuaTeX (HO
)

(C:\Users\chris\AppData\Local\Programs\MiKTeX\tex/generic/infwarerr\infwarerr.s
ty
Package: infwarerr 2019/12/03 v1.5 Providing info/warning/error messages (HO)
) (C:\Users\chris\AppData\Local\Programs\MiKTeX\tex/generic/iftex\iftex.sty
Package: iftex 2024/12/12 v1.0g TeX engine tests
)
Package pdftexcmds Info: \pdf@primitive is available.
Package pdftexcmds Info: \pdf@ifprimitive is available.
Package pdftexcmds Info: \pdfdraftmode found.
)) (C:\Users\chris\AppData\Local\Programs\MiKTeX\tex/latex/amsmath\amstext.sty
Package: amstext 2024/11/17 v2.01 AMS text

(C:\Users\chris\AppData\Local\Programs\MiKTeX\tex/latex/amsmath\amsgen.sty
File: amsgen.sty 1999/11/30 v2.0 generic functions
\@emptytoks=\toks20
\ex@=\dimen151
))
\l__siunitx_table_tmp_box=\box58
\l__siunitx_table_tmp_dim=\dimen152
\l__siunitx_table_column_width_dim=\dimen153
\l__siunitx_table_integer_box=\box59
\l__siunitx_table_decimal_box=\box60
\l__siunitx_table_uncert_box=\box61
\l__siunitx_table_before_box=\box62
\l__siunitx_table_after_box=\box63
\l__siunitx_table_before_dim=\dimen154
\l__siunitx_table_carry_dim=\dimen155
\l__siunitx_unit_tmp_int=\count306
\l__siunitx_unit_position_int=\count307
\l__siunitx_unit_total_int=\count308
\l__siunitx_sexagesimal_tmp_dim=\dimen156
\l__siunitx_sexagesimal_marker_box=\box64
\l__siunitx_sexagesimal_unit_box=\box65

(C:\Users\chris\AppData\Local\Programs\MiKTeX\tex/latex/tools\array.sty
Package: array 2025/09/25 v2.6n Tabular extension package (FMi)
\col@sep=\dimen157
\ar@mcellbox=\box66
\extrarowheight=\dimen158
\NC@list=\toks21
\extratabsurround=\skip55
\backup@length=\skip56
\ar@cellbox=\box67
))
(C:\Users\chris\AppData\Local\Programs\MiKTeX\tex/latex/graphics\graphicx.sty
Package: graphicx 2024/12/31 v1.2e Enhanced LaTeX Graphics (DPC,SPQR)

(C:\Users\chris\AppData\Local\Programs\MiKTeX\tex/latex/graphics\graphics.sty
Package: graphics 2024/08/06 v1.4g Standard LaTeX Graphics (DPC,SPQR)

(C:\Users\chris\AppData\Local\Programs\MiKTeX\tex/latex/graphics\trig.sty
Package: trig 2023/12/02 v1.11 sin cos tan (DPC)
)
(C:\Users\chris\AppData\Local\Programs\MiKTeX\tex/latex/graphics-cfg\graphics.c
fg
File: graphics.cfg 2016/06/04 v1.11 sample graphics configuration
)
Package graphics Info: Driver file: pdftex.def on input line 106.

(C:\Users\chris\AppData\Local\Programs\MiKTeX\tex/latex/graphics-def\pdftex.def
File: pdftex.def 2025/09/29 v1.2d Graphics/color driver for pdftex
))
\Gin@req@height=\dimen159
\Gin@req@width=\dimen160
)
(C:\Users\chris\AppData\Local\Programs\MiKTeX\tex/latex/booktabs\booktabs.sty
Package: booktabs 2020/01/12 v1.61803398 Publication quality tables
\heavyrulewidth=\dimen161
\lightrulewidth=\dimen162
\cmidrulewidth=\dimen163
\belowrulesep=\dimen164
\belowbottomsep=\dimen165
\aboverulesep=\dimen166
\abovetopsep=\dimen167
\cmidrulesep=\dimen168
\cmidrulekern=\dimen169
\defaultaddspace=\dimen170
\@cmidla=\count309
\@cmidlb=\count310
\@aboverulesep=\dimen171
\@belowrulesep=\dimen172
\@thisruleclass=\count311
\@lastruleclass=\count312
\@thisrulewidth=\dimen173
)
(C:\Users\chris\AppData\Local\Programs\MiKTeX\tex/latex/caption\caption.sty
Package: caption 2023/08/05 v3.6o Customizing captions (AR)

(C:\Users\chris\AppData\Local\Programs\MiKTeX\tex/latex/caption\caption3.sty
Package: caption3 2023/07/31 v2.4d caption3 kernel (AR)
\caption@tempdima=\dimen174
\captionmargin=\dimen175
\caption@leftmargin=\dimen176
\caption@rightmargin=\dimen177
\caption@width=\dimen178
\caption@indent=\dimen179
\caption@parindent=\dimen180
\caption@hangindent=\dimen181
Package caption Info: Standard document class detected.
)
\c@caption@flags=\count313
\c@continuedfloat=\count314
Package caption Info: longtable package is loaded.

(C:\Users\chris\AppData\Local\Programs\MiKTeX\tex/latex/caption\ltcaption.sty
Package: ltcaption 2021/01/08 v1.4c longtable captions (AR)
)) (C:\Users\chris\AppData\Local\Programs\MiKTeX\tex/latex/listings\listings.st
y
\lst@mode=\count315
\lst@gtempboxa=\box68
\lst@token=\toks22
\lst@length=\count316
\lst@currlwidth=\dimen182
\lst@column=\count317
\lst@pos=\count318
\lst@lostspace=\dimen183
\lst@width=\dimen184
\lst@newlines=\count319
\lst@lineno=\count320
\lst@maxwidth=\dimen185

(C:\Users\chris\AppData\Local\Programs\MiKTeX\tex/latex/listings\lstpatch.sty
File: lstpatch.sty 2025/11/14 1.11b (Carsten Heinz)
)
(C:\Users\chris\AppData\Local\Programs\MiKTeX\tex/latex/listings\lstmisc.sty
File: lstmisc.sty 2025/11/14 1.11b (Carsten Heinz)
\c@lstnumber=\count321
\lst@skipnumbers=\count322
\lst@framebox=\box69
)
(C:\Users\chris\AppData\Local\Programs\MiKTeX\tex/latex/listings\listings.cfg
File: listings.cfg 2025/11/14 1.11b listings configuration
))
Package: listings 2025/11/14 1.11b (Carsten Heinz)
==> First Aid for listings.sty no longer applied!
    Expected:
        2024/09/23 1.10c (Carsten Heinz)
    but found:
        2025/11/14 1.11b (Carsten Heinz)
    so I'm assuming it got fixed.
(C:\Users\chris\AppData\Local\Programs\MiKTeX\tex/latex/base\inputenc.sty
Package: inputenc 2024/02/08 v1.3d Input encoding file
\inpenc@prehook=\toks23
\inpenc@posthook=\toks24
)
(C:\Users\chris\AppData\Local\Programs\MiKTeX\tex/latex/base\fontenc.sty
Package: fontenc 2025/07/18 v2.1d Standard LaTeX package
)
(C:\Users\chris\AppData\Local\Programs\MiKTeX\tex/latex/psnfss\palatino.sty
Package: palatino 2020/03/25 PSNFSS-v9.3 (SPQR) 
)
(C:\Users\chris\AppData\Local\Programs\MiKTeX\tex/latex/biblatex\biblatex.sty
Package: biblatex 2025/07/10 v3.21 programmable bibliographies (PK/MW)

(C:\Users\chris\AppData\Local\Programs\MiKTeX\tex/latex/logreq\logreq.sty
Package: logreq 2010/08/04 v1.0 xml request logger
\lrq@indent=\count323

(C:\Users\chris\AppData\Local\Programs\MiKTeX\tex/latex/logreq\logreq.def
File: logreq.def 2010/08/04 v1.0 logreq spec v1.0
))
(C:\Users\chris\AppData\Local\Programs\MiKTeX\tex/latex/base\ifthen.sty
Package: ifthen 2024/03/16 v1.1e Standard LaTeX ifthen package (DPC)
)
(C:\Users\chris\AppData\Local\Programs\MiKTeX\tex/latex/url\url.sty
\Urlmuskip=\muskip17
Package: url 2013/09/16  ver 3.4  Verb mode for urls, etc.
)
\c@tabx@nest=\count324
\c@listtotal=\count325
\c@listcount=\count326
\c@liststart=\count327
\c@liststop=\count328
\c@citecount=\count329
\c@citetotal=\count330
\c@multicitecount=\count331
\c@multicitetotal=\count332
\c@instcount=\count333
\c@maxnames=\count334
\c@minnames=\count335
\c@maxitems=\count336
\c@minitems=\count337
\c@citecounter=\count338
\c@maxcitecounter=\count339
\c@savedcitecounter=\count340
\c@uniquelist=\count341
\c@uniquename=\count342
\c@refsection=\count343
\c@refsegment=\count344
\c@maxextratitle=\count345
\c@maxextratitleyear=\count346
\c@maxextraname=\count347
\c@maxextradate=\count348
\c@maxextraalpha=\count349
\c@abbrvpenalty=\count350
\c@highnamepenalty=\count351
\c@lownamepenalty=\count352
\c@maxparens=\count353
\c@parenlevel=\count354
\blx@tempcnta=\count355
\blx@tempcntb=\count356
\blx@tempcntc=\count357
\c@blx@maxsection=\count358
\blx@maxsegment@0=\count359
\blx@notetype=\count360
\blx@parenlevel@text=\count361
\blx@parenlevel@foot=\count362
\blx@sectionciteorder@0=\count363
\blx@sectionciteorderinternal@0=\count364
\blx@entrysetcounter=\count365
\blx@biblioinstance=\count366
\labelnumberwidth=\skip57
\labelalphawidth=\skip58
\biblabelsep=\skip59
\bibitemsep=\skip60
\bibnamesep=\skip61
\bibinitsep=\skip62
\bibparsep=\skip63
\bibhang=\skip64
\blx@bcfin=\read3
\blx@bcfout=\write3
\blx@langwohyphens=\language80
\c@mincomprange=\count367
\c@maxcomprange=\count368
\c@mincompwidth=\count369
Package biblatex Info: Trying to load biblatex default data model...
Package biblatex Info: ... file 'blx-dm.def' found.

(C:\Users\chris\AppData\Local\Programs\MiKTeX\tex/latex/biblatex\blx-dm.def
File: blx-dm.def 2025/07/10 v3.21 biblatex datamodel (PK/MW)
)
Package biblatex Info: Trying to load biblatex style data model...
Package biblatex Info: ... file 'numeric.dbx' not found.
Package biblatex Info: Trying to load biblatex custom data model...
Package biblatex Info: ... file 'biblatex-dm.cfg' not found.
\c@afterword=\count370
\c@savedafterword=\count371
\c@annotator=\count372
\c@savedannotator=\count373
\c@author=\count374
\c@savedauthor=\count375
\c@bookauthor=\count376
\c@savedbookauthor=\count377
\c@commentator=\count378
\c@savedcommentator=\count379
\c@editor=\count380
\c@savededitor=\count381
\c@editora=\count382
\c@savededitora=\count383
\c@editorb=\count384
\c@savededitorb=\count385
\c@editorc=\count386
\c@savededitorc=\count387
\c@foreword=\count388
\c@savedforeword=\count389
\c@holder=\count390
\c@savedholder=\count391
\c@introduction=\count392
\c@savedintroduction=\count393
\c@namea=\count394
\c@savednamea=\count395
\c@nameb=\count396
\c@savednameb=\count397
\c@namec=\count398
\c@savednamec=\count399
\c@translator=\count400
\c@savedtranslator=\count401
\c@shortauthor=\count402
\c@savedshortauthor=\count403
\c@shorteditor=\count404
\c@savedshorteditor=\count405
\c@labelname=\count406
\c@savedlabelname=\count407
\c@institution=\count408
\c@savedinstitution=\count409
\c@lista=\count410
\c@savedlista=\count411
\c@listb=\count412
\c@savedlistb=\count413
\c@listc=\count414
\c@savedlistc=\count415
\c@listd=\count416
\c@savedlistd=\count417
\c@liste=\count418
\c@savedliste=\count419
\c@listf=\count420
\c@savedlistf=\count421
\c@location=\count422
\c@savedlocation=\count423
\c@organization=\count424
\c@savedorganization=\count425
\c@origlocation=\count426
\c@savedoriglocation=\count427
\c@origpublisher=\count428
\c@savedorigpublisher=\count429
\c@publisher=\count430
\c@savedpublisher=\count431
\c@language=\count432
\c@savedlanguage=\count433
\c@origlanguage=\count434
\c@savedoriglanguage=\count435
\c@pageref=\count436
\c@savedpageref=\count437
\shorthandwidth=\skip65
\shortjournalwidth=\skip66
\shortserieswidth=\skip67
\shorttitlewidth=\skip68
\shortauthorwidth=\skip69
\shorteditorwidth=\skip70
\locallabelnumberwidth=\skip71
\locallabelalphawidth=\skip72
\localshorthandwidth=\skip73
\localshortjournalwidth=\skip74
\localshortserieswidth=\skip75
\localshorttitlewidth=\skip76
\localshortauthorwidth=\skip77
\localshorteditorwidth=\skip78
Package biblatex Info: Trying to load compatibility code...
Package biblatex Info: ... file 'blx-compat.def' found.

(C:\Users\chris\AppData\Local\Programs\MiKTeX\tex/latex/biblatex\blx-compat.def
File: blx-compat.def 2025/07/10 v3.21 biblatex compatibility (PK/MW)
)
Package biblatex Info: Trying to load BibTeX backend compatibility...
Package biblatex Info: ... file 'blx-bibtex.def' found.

(C:\Users\chris\AppData\Local\Programs\MiKTeX\tex/latex/biblatex\blx-bibtex.def
File: blx-bibtex.def 2025/07/10 v3.21 biblatex compatibility (PK/MW)

Package biblatex Warning: Using fall-back bibtex backend:
(biblatex)                functionality may be reduced/unavailable.

)
Package biblatex Info: Trying to load generic definitions...
Package biblatex Info: ... file 'biblatex.def' found.
 (C:\Users\chris\AppData\Local\Programs\MiKTeX\tex/latex/biblatex\biblatex.def
File: biblatex.def 2025/07/10 v3.21 biblatex compatibility (PK/MW)
\c@textcitecount=\count438
\c@textcitetotal=\count439
\c@textcitemaxnames=\count440
\c@biburlbigbreakpenalty=\count441
\c@biburlbreakpenalty=\count442
\c@biburlnumpenalty=\count443
\c@biburlucpenalty=\count444
\c@biburllcpenalty=\count445
\biburlbigskip=\muskip18
\biburlnumskip=\muskip19
\biburlucskip=\muskip20
\biburllcskip=\muskip21
\c@smartand=\count446
)
Package biblatex Info: Trying to load natbib compatibility...
Package biblatex Info: ... file 'blx-natbib.def' found.

(C:\Users\chris\AppData\Local\Programs\MiKTeX\tex/latex/biblatex\blx-natbib.def
File: blx-natbib.def 2025/07/10 v3.21 biblatex compatibility (PK/MW)
Package biblatex Info: Delimiter 'nameyeardelim' in context '' already defined,
 overwriting.
)
Package biblatex Info: Trying to load bibliography style 'numeric'...
Package biblatex Info: ... file 'numeric.bbx' found.

(C:\Users\chris\AppData\Local\Programs\MiKTeX\tex/latex/biblatex/bbx\numeric.bb
x
File: numeric.bbx 2025/07/10 v3.21 biblatex bibliography style (PK/MW)
Package biblatex Info: Trying to load bibliography style 'standard'...
Package biblatex Info: ... file 'standard.bbx' found.

(C:\Users\chris\AppData\Local\Programs\MiKTeX\tex/latex/biblatex/bbx\standard.b
bx
File: standard.bbx 2025/07/10 v3.21 biblatex bibliography style (PK/MW)
\c@bbx:relatedcount=\count447
\c@bbx:relatedtotal=\count448
))
Package biblatex Info: Trying to load citation style 'numeric'...
Package biblatex Info: ... file 'numeric.cbx' found.

(C:\Users\chris\AppData\Local\Programs\MiKTeX\tex/latex/biblatex/cbx\numeric.cb
x
File: numeric.cbx 2025/07/10 v3.21 biblatex citation style (PK/MW)
Package biblatex Info: Redefining '\cite'.
Package biblatex Info: Redefining '\parencite'.
Package biblatex Info: Redefining '\footcite'.
Package biblatex Info: Redefining '\footcitetext'.
Package biblatex Info: Redefining '\smartcite'.
Package biblatex Info: Redefining '\supercite'.
Package biblatex Info: Redefining '\textcite'.
Package biblatex Info: Redefining '\textcites'.
Package biblatex Info: Redefining '\cites'.
Package biblatex Info: Redefining '\parencites'.
Package biblatex Info: Redefining '\smartcites'.
)
Package biblatex Info: Trying to load configuration file...
Package biblatex Info: ... file 'biblatex.cfg' found.

(C:\Users\chris\AppData\Local\Programs\MiKTeX\tex/latex/biblatex\biblatex.cfg
File: biblatex.cfg 
)
Package biblatex Info: Input encoding 'utf8' detected.
Package biblatex Info: Document encoding is UTF8 ....
Package biblatex Info: ... and expl3
(biblatex)             2025-12-24 L3 programming layer (loader) 
(biblatex)             is new enough (at least 2020/04/06),
(biblatex)             setting 'casechanger=expl3'.

(C:\Users\chris\AppData\Local\Programs\MiKTeX\tex/latex/biblatex\blx-case-expl3
.sty
Package: blx-case-expl3 2025/07/10 v3.21 expl3 case changing code for biblatex
))
(C:\Users\chris\AppData\Local\Programs\MiKTeX\tex/latex/csquotes\csquotes.sty
Package: csquotes 2024-04-04 v5.2o context-sensitive quotations (JAW)
\csq@reset=\count449
\csq@gtype=\count450
\csq@glevel=\count451
\csq@qlevel=\count452
\csq@maxlvl=\count453
\csq@tshold=\count454
\csq@ltx@everypar=\toks25

(C:\Users\chris\AppData\Local\Programs\MiKTeX\tex/latex/csquotes\csquotes.def
File: csquotes.def 2024-04-04 v5.2o csquotes generic definitions (JAW)
)
Package csquotes Info: Trying to load configuration file 'csquotes.cfg'...
Package csquotes Info: ... configuration file loaded successfully.

(C:\Users\chris\AppData\Local\Programs\MiKTeX\tex/latex/csquotes\csquotes.cfg
File: csquotes.cfg 
)
Package csquotes Info: Enabling multilingual quotes.
) (C:\Users\chris\AppData\Local\Programs\MiKTeX\tex/latex/xcolor\xcolor.sty
Package: xcolor 2024/09/29 v3.02 LaTeX color extensions (UK)

(C:\Users\chris\AppData\Local\Programs\MiKTeX\tex/latex/graphics-cfg\color.cfg
File: color.cfg 2016/01/02 v1.6 sample color configuration
)
Package xcolor Info: Driver file: pdftex.def on input line 274.
(C:\Users\chris\AppData\Local\Programs\MiKTeX\tex/latex/graphics\mathcolor.ltx)
Package xcolor Info: Model `cmy' substituted by `cmy0' on input line 1349.
Package xcolor Info: Model `hsb' substituted by `rgb' on input line 1353.
Package xcolor Info: Model `RGB' extended on input line 1365.
Package xcolor Info: Model `HTML' substituted by `rgb' on input line 1367.
Package xcolor Info: Model `Hsb' substituted by `hsb' on input line 1368.
Package xcolor Info: Model `tHsb' substituted by `hsb' on input line 1369.
Package xcolor Info: Model `HSB' substituted by `hsb' on input line 1370.
Package xcolor Info: Model `Gray' substituted by `gray' on input line 1371.
Package xcolor Info: Model `wave' substituted by `hsb' on input line 1372.
)
(C:\Users\chris\AppData\Local\Programs\MiKTeX\tex/latex/caption\subcaption.sty
Package: subcaption 2023/07/28 v1.6b Sub-captions (AR)
Package caption Info: New subtype `subfigure' on input line 238.
\c@subfigure=\count455
Package caption Info: New subtype `subtable' on input line 238.
\c@subtable=\count456
) (C:\Users\chris\AppData\Local\Programs\MiKTeX\tex/latex/hyperref\hyperref.sty
Package: hyperref 2025-07-12 v7.01o Hypertext links for LaTeX

(C:\Users\chris\AppData\Local\Programs\MiKTeX\tex/generic/kvdefinekeys\kvdefine
keys.sty
Package: kvdefinekeys 2019-12-19 v1.6 Define keys (HO)
)
(C:\Users\chris\AppData\Local\Programs\MiKTeX\tex/generic/pdfescape\pdfescape.s
ty
Package: pdfescape 2019/12/09 v1.15 Implements pdfTeX's escape features (HO)
) (C:\Users\chris\AppData\Local\Programs\MiKTeX\tex/latex/hycolor\hycolor.sty
Package: hycolor 2020-01-27 v1.10 Color options for hyperref/bookmark (HO)
) (C:\Users\chris\AppData\Local\Programs\MiKTeX\tex/latex/hyperref\nameref.sty
Package: nameref 2025-06-21 v2.57 Cross-referencing by name of section

(C:\Users\chris\AppData\Local\Programs\MiKTeX\tex/latex/refcount\refcount.sty
Package: refcount 2019/12/15 v3.6 Data extraction from label references (HO)
)
(C:\Users\chris\AppData\Local\Programs\MiKTeX\tex/generic/gettitlestring\gettit
lestring.sty
Package: gettitlestring 2019/12/15 v1.6 Cleanup title references (HO)
)
\c@section@level=\count457
)
(C:\Users\chris\AppData\Local\Programs\MiKTeX\tex/generic/stringenc\stringenc.s
ty
Package: stringenc 2019/11/29 v1.12 Convert strings between diff. encodings (HO
)
)
\@linkdim=\dimen186
\Hy@linkcounter=\count458
\Hy@pagecounter=\count459
 (C:\Users\chris\AppData\Local\Programs\MiKTeX\tex/latex/hyperref\pd1enc.def
File: pd1enc.def 2025-07-12 v7.01o Hyperref: PDFDocEncoding definition (HO)
Now handling font encoding PD1 ...
... no UTF-8 mapping file for font encoding PD1
) (C:\Users\chris\AppData\Local\Programs\MiKTeX\tex/generic/intcalc\intcalc.sty
Package: intcalc 2019/12/15 v1.3 Expandable calculations with integers (HO)
)
\Hy@SavedSpaceFactor=\count460
 (C:\Users\chris\AppData\Local\Programs\MiKTeX\tex/latex/hyperref\puenc.def
File: puenc.def 2025-07-12 v7.01o Hyperref: PDF Unicode definition (HO)
Now handling font encoding PU ...
... no UTF-8 mapping file for font encoding PU
)
Package hyperref Info: Option `bookmarks' set `true' on input line 4066.
Package hyperref Info: Option `unicode' set `true' on input line 4066.
Package hyperref Info: Option `pdftoolbar' set `true' on input line 4066.
Package hyperref Info: Option `pdfmenubar' set `true' on input line 4066.
Package hyperref Info: Option `pdffitwindow' set `false' on input line 4066.
Package hyperref Info: Option `colorlinks' set `true' on input line 4066.
Package hyperref Info: Option `bookmarks' set `true' on input line 4066.
Package hyperref Info: Option `unicode' set `false' on input line 4066.
Package hyperref Info: Option `pdftoolbar' set `true' on input line 4066.
Package hyperref Info: Option `pdfmenubar' set `true' on input line 4066.
Package hyperref Info: Option `pdffitwindow' set `false' on input line 4066.
Package hyperref Info: Option `colorlinks' set `true' on input line 4066.
Package hyperref Info: Hyper figures OFF on input line 4195.
Package hyperref Info: Link nesting OFF on input line 4200.
Package hyperref Info: Hyper index ON on input line 4203.
Package hyperref Info: Plain pages OFF on input line 4210.
Package hyperref Info: Backreferencing OFF on input line 4215.
Package hyperref Info: Implicit mode ON; LaTeX internals redefined.
Package hyperref Info: Bookmarks ON on input line 4462.
\c@Hy@tempcnt=\count461
LaTeX Info: Redefining \url on input line 4801.
\XeTeXLinkMargin=\dimen187

(C:\Users\chris\AppData\Local\Programs\MiKTeX\tex/generic/bitset\bitset.sty
Package: bitset 2019/12/09 v1.3 Handle bit-vector datatype (HO)

(C:\Users\chris\AppData\Local\Programs\MiKTeX\tex/generic/bigintcalc\bigintcalc
.sty
Package: bigintcalc 2019/12/15 v1.5 Expandable calculations on big integers (HO
)
))
\Fld@menulength=\count462
\Field@Width=\dimen188
\Fld@charsize=\dimen189
Package hyperref Info: Hyper figures OFF on input line 6078.
Package hyperref Info: Link nesting OFF on input line 6083.
Package hyperref Info: Hyper index ON on input line 6086.
Package hyperref Info: backreferencing OFF on input line 6093.
Package hyperref Info: Link coloring ON on input line 6096.
Package hyperref Info: Link coloring with OCG OFF on input line 6103.
Package hyperref Info: PDF/A mode OFF on input line 6108.
\Hy@abspage=\count463
\c@Item=\count464
\c@Hfootnote=\count465
)
Package hyperref Info: Driver (autodetected): hpdftex.

(C:\Users\chris\AppData\Local\Programs\MiKTeX\tex/latex/hyperref\hpdftex.def
File: hpdftex.def 2025-07-12 v7.01o Hyperref driver for pdfTeX
\Fld@listcount=\count466
\c@bookmark@seq@number=\count467

(C:\Users\chris\AppData\Local\Programs\MiKTeX\tex/latex/rerunfilecheck\rerunfil
echeck.sty
Package: rerunfilecheck 2025-06-21 v1.11 Rerun checks for auxiliary files (HO)

(C:\Users\chris\AppData\Local\Programs\MiKTeX\tex/generic/uniquecounter\uniquec
ounter.sty
Package: uniquecounter 2019/12/15 v1.4 Provide unlimited unique counter (HO)
)
Package uniquecounter Info: New unique counter `rerunfilecheck' on input line 2
84.
)
\Hy@SectionHShift=\skip79
)
(C:\Users\chris\AppData\Local\Programs\MiKTeX\tex/latex/geometry\geometry.sty
Package: geometry 2026/03/07 v6.0 Page Geometry

(C:\Users\chris\AppData\Local\Programs\MiKTeX\tex/generic/iftex\ifvtex.sty
Package: ifvtex 2019/10/25 v1.7 ifvtex legacy package. Use iftex instead.
)
\Gm@cnth=\count468
\Gm@cntv=\count469
\c@Gm@tempcnt=\count470
\Gm@bindingoffset=\dimen190
\Gm@wd@mp=\dimen191
\Gm@odd@mp=\dimen192
\Gm@even@mp=\dimen193
\Gm@layoutwidth=\dimen194
\Gm@layoutheight=\dimen195
\Gm@layouthoffset=\dimen196
\Gm@layoutvoffset=\dimen197
\Gm@dimlist=\toks26

(C:\Users\chris\AppData\Local\Programs\MiKTeX\tex/latex/geometry\geometry.cfg))

(C:\Users\chris\AppData\Local\Programs\MiKTeX\tex/latex/koma-script\scrlayer-sc
rpage.sty
Package: scrlayer-scrpage 2026/02/02 v3.49.2 KOMA-Script package (end user inte
rface for scrlayer)

(C:\Users\chris\AppData\Local\Programs\MiKTeX\tex/latex/koma-script\scrlayer.st
y
Package: scrlayer 2026/02/02 v3.49.2 KOMA-Script package (defining layers and p
age styles)

(C:\Users\chris\AppData\Local\Programs\MiKTeX\tex/latex/koma-script\scrkbase.st
y
Package: scrkbase 2026/02/02 v3.49.2 KOMA-Script package (KOMA-Script-dependent
 basics and keyval usage)
)
\footheight=\skip80
Package scrlayer Info: patching LaTeX kernel macro \pagestyle on input line 217
9.
)
Package scrbase Info: Unknown processing state.
(scrbase)             Processing option `markcase=used'
(scrbase)             of member `.scrlayer-scrpage.sty' of family
(scrbase)             `KOMA' doesn't set
(scrbase)             a valid state. This will be interpreted
(scrbase)             as \FamilyKeyStateProcessed on input line 649.
)) (C:\Users\chris\AppData\Local\Programs\MiKTeX\tex/latex/base\fontenc.sty
Package: fontenc 2025/07/18 v2.1d Standard LaTeX package
LaTeX Font Info:    Trying to load font information for T1+ppl on input line 11
6.

(C:\Users\chris\AppData\Local\Programs\MiKTeX\tex/latex/psnfss\t1ppl.fd
File: t1ppl.fd 2001/06/04 font definitions for T1/ppl.
))
(C:\Users\chris\AppData\Local\Programs\MiKTeX\tex/latex/eso-pic\eso-pic.sty
Package: eso-pic 2025/12/10 v3.0d eso-pic (RN)
\ESO@tempdima=\dimen198
\ESO@tempdimb=\dimen199
)
(C:\Users\chris\AppData\Local\Programs\MiKTeX\tex/latex/amsmath\amsmath.sty
Package: amsmath 2025/07/09 v2.17z AMS math features
\@mathmargin=\skip81

For additional information on amsmath, use the `?' option.
(C:\Users\chris\AppData\Local\Programs\MiKTeX\tex/latex/amsmath\amsbsy.sty
Package: amsbsy 1999/11/29 v1.2d Bold Symbols
\pmbraise@=\dimen256
)
(C:\Users\chris\AppData\Local\Programs\MiKTeX\tex/latex/amsmath\amsopn.sty
Package: amsopn 2022/04/08 v2.04 operator names
)
\inf@bad=\count471
LaTeX Info: Redefining \frac on input line 233.
\uproot@=\count472
\leftroot@=\count473
LaTeX Info: Redefining \overline on input line 398.
LaTeX Info: Redefining \colon on input line 409.
\classnum@=\count474
\DOTSCASE@=\count475
LaTeX Info: Redefining \ldots on input line 495.
LaTeX Info: Redefining \dots on input line 498.
LaTeX Info: Redefining \cdots on input line 619.
\Mathstrutbox@=\box70
\strutbox@=\box71
LaTeX Info: Redefining \big on input line 721.
LaTeX Info: Redefining \Big on input line 722.
LaTeX Info: Redefining \bigg on input line 723.
LaTeX Info: Redefining \Bigg on input line 724.
\big@size=\dimen257
LaTeX Font Info:    Redeclaring font encoding OML on input line 742.
LaTeX Font Info:    Redeclaring font encoding OMS on input line 743.
\macc@depth=\count476
LaTeX Info: Redefining \bmod on input line 904.
LaTeX Info: Redefining \pmod on input line 909.
LaTeX Info: Redefining \smash on input line 939.
LaTeX Info: Redefining \relbar on input line 969.
LaTeX Info: Redefining \Relbar on input line 970.
\c@MaxMatrixCols=\count477
\dotsspace@=\muskip22
\c@parentequation=\count478
\dspbrk@lvl=\count479
\tag@help=\toks27
\row@=\count480
\column@=\count481
\maxfields@=\count482
\andhelp@=\toks28
\eqnshift@=\dimen258
\alignsep@=\dimen259
\tagshift@=\dimen260
\tagwidth@=\dimen261
\totwidth@=\dimen262
\lineht@=\dimen263
\@envbody=\toks29
\multlinegap=\skip82
\multlinetaggap=\skip83
\mathdisplay@stack=\toks30
LaTeX Info: Redefining \[ on input line 2950.
LaTeX Info: Redefining \] on input line 2951.
)
(C:\Users\chris\AppData\Local\Programs\MiKTeX\tex/latex/float\float.sty
Package: float 2001/11/08 v1.3d Float enhancements (AL)
\c@float@type=\count483
\float@exts=\toks31
\float@box=\box72
\@float@everytoks=\toks32
\@floatcapt=\box73
)
(C:\Users\chris\AppData\Local\Programs\MiKTeX\tex/latex/floatbytocbasic\floatby
tocbasic.sty
Package: floatbytocbasic 2023-08-16 v1.0 improved float package using tocbasic

(C:\Users\chris\AppData\Local\Programs\MiKTeX\tex/latex/koma-script\tocbasic.st
y
Package: tocbasic 2026/02/02 v3.49.2 KOMA-Script package (handling toc-files)
\scr@dte@tocline@numberwidth=\skip84
\scr@dte@tocline@numbox=\box74
) (C:\Users\chris\AppData\Local\Programs\MiKTeX\tex/latex/xpatch\xpatch.sty
Package: xpatch 2020/03/25 v0.3a Extending etoolbox patching commands
))
Package hyperref Info: Option `unicode' set `true' on input line 42.
Package hyperref Info: Option `colorlinks' set `true' on input line 42.
Package csquotes Info: Checking for multilingual support...
Package csquotes Info: ... found 'babel' package.

(memorianueva.aux (portada.aux)
LaTeX Info: Redefining \. on input line 16.
LaTeX Info: Redefining \% on input line 16.
Package babel Info: 'spanish' activates 'spanish' shorthands.
(babel)             Reported on input line 16.
 (Chapters/Chapter1.aux) (Chapters/Chapter2.aux) (Chapters/Chapter3.aux) (Chapt
ers/Chapter4.aux) (Chapters/Chapter5.aux))
\openout1 = `memorianueva.aux'.

LaTeX Font Info:    Checking defaults for OML/cmm/m/it on input line 64.
LaTeX Font Info:    ... okay on input line 64.
LaTeX Font Info:    Checking defaults for OMS/cmsy/m/n on input line 64.
LaTeX Font Info:    ... okay on input line 64.
LaTeX Font Info:    Checking defaults for OT1/cmr/m/n on input line 64.
LaTeX Font Info:    ... okay on input line 64.
LaTeX Font Info:    Checking defaults for T1/cmr/m/n on input line 64.
LaTeX Font Info:    ... okay on input line 64.
LaTeX Font Info:    Checking defaults for TS1/cmr/m/n on input line 64.
LaTeX Font Info:    ... okay on input line 64.
LaTeX Font Info:    Checking defaults for OMX/cmex/m/n on input line 64.
LaTeX Font Info:    ... okay on input line 64.
LaTeX Font Info:    Checking defaults for U/cmr/m/n on input line 64.
LaTeX Font Info:    ... okay on input line 64.
LaTeX Font Info:    Checking defaults for PD1/pdf/m/n on input line 64.
LaTeX Font Info:    ... okay on input line 64.
LaTeX Font Info:    Checking defaults for PU/pdf/m/n on input line 64.
LaTeX Font Info:    ... okay on input line 64.
LaTeX Info: Redefining \. on input line 64.
LaTeX Info: Redefining \% on input line 64.

(C:\Users\chris\AppData\Local\Programs\MiKTeX\tex/latex/translations/dicts\tran
slations-basic-dictionary-spanish.trsl
File: translations-basic-dictionary-spanish.trsl (spanish translation file `tra
nslations-basic-dictionary')
)
Package translations Info: loading dictionary `translations-basic-dictionary' f
or `spanish'. on input line 64.

(C:\Users\chris\AppData\Local\Programs\MiKTeX\tex/context/base/mkii\supp-pdf.mk
ii
[Loading MPS to PDF converter (version 2006.09.02).]
\scratchcounter=\count484
\scratchdimen=\dimen264
\scratchbox=\box75
\nofMPsegments=\count485
\nofMParguments=\count486
\everyMPshowfont=\toks33
\MPscratchCnt=\count487
\MPscratchDim=\dimen265
\MPnumerator=\count488
\makeMPintoPDFobject=\count489
\everyMPtoPDFconversion=\toks34
)
(C:\Users\chris\AppData\Local\Programs\MiKTeX\tex/latex/epstopdf-pkg\epstopdf-b
ase.sty
Package: epstopdf-base 2020-01-24 v2.11 Base part for package epstopdf
Package epstopdf-base Info: Redefining graphics rule for `.eps' on input line 4
85.

(C:\Users\chris\AppData\Local\Programs\MiKTeX\tex/latex/00miktex\epstopdf-sys.c
fg
File: epstopdf-sys.cfg 2021/03/18 v2.0 Configuration of epstopdf for MiKTeX
))
Package caption Info: Begin \AtBeginDocument code.
Package caption Info: float package is loaded.
Package caption Info: hyperref package is loaded.
Package caption Info: listings package is loaded.
Package caption Info: End \AtBeginDocument code.
\c@lstlisting=\count490
Package tocbasic Info: setting babel extension for `lol' on input line 64.
Package biblatex Info: Trying to load language 'spanish'...
Package biblatex Info: ... file 'spanish.lbx' found.

(C:\Users\chris\AppData\Local\Programs\MiKTeX\tex/latex/biblatex/lbx\spanish.lb
x
File: spanish.lbx 2025/07/10 v3.21 biblatex localization (PK/MW)
)
Package biblatex Info: Input encoding 'utf8' detected.
Package biblatex Info: Automatic encoding selection.
(biblatex)             Assuming data encoding 'utf8'.
Package biblatex Info: Input encoding 'utf8' detected.
Package biblatex Info: Data encoding 'utf8' specified.
(biblatex)             No need to reencode data.
\openout3 = `memorianueva-blx.bib'.

Package biblatex Info: Trying to load bibliographic data...
Package biblatex Info: ... file 'memorianueva.bbl' found.
 (memorianueva.bbl)
Package biblatex Info: Reference section=0 on input line 64.
Package biblatex Info: Reference segment=0 on input line 64.
Package hyperref Info: Link coloring ON on input line 64.
 (memorianueva.out) (memorianueva.out)
\@outlinefile=\write4
\openout4 = `memorianueva.out'.

LaTeX Info: Redefining \sptext on input line 64.
LaTeX Info: Redefining \lsc on input line 64.
LaTeX Info: Redefining \. on input line 64.
LaTeX Info: Redefining \% on input line 64.
LaTeX Info: Redefining \dotlessi on input line 64.
Package scrbase Info: activating spanish \lstlistingname on input line 64.
LaTeX Info: Redefining \sptext on input line 64.
LaTeX Info: Redefining \lsc on input line 64.
LaTeX Info: Redefining \. on input line 64.
LaTeX Info: Redefining \% on input line 64.
LaTeX Info: Redefining \dotlessi on input line 64.
Package scrbase Info: activating spanish \acknowledgementname on input line 64.

LaTeX Info: Redefining \sptext on input line 64.
LaTeX Info: Redefining \lsc on input line 64.
LaTeX Info: Redefining \. on input line 64.
LaTeX Info: Redefining \% on input line 64.
LaTeX Info: Redefining \dotlessi on input line 64.
Package scrbase Info: activating spanish \authorshipname on input line 64.
LaTeX Info: Redefining \sptext on input line 64.
LaTeX Info: Redefining \lsc on input line 64.
LaTeX Info: Redefining \. on input line 64.
LaTeX Info: Redefining \% on input line 64.
LaTeX Info: Redefining \dotlessi on input line 64.
Package scrbase Info: activating spanish \abbrevname on input line 64.
LaTeX Info: Redefining \sptext on input line 64.
LaTeX Info: Redefining \lsc on input line 64.
LaTeX Info: Redefining \. on input line 64.
LaTeX Info: Redefining \% on input line 64.
LaTeX Info: Redefining \dotlessi on input line 64.
Package scrbase Info: activating spanish \byname on input line 64.

*geometry* driver: auto-detecting
*geometry* detected driver: pdftex
*geometry* verbose mode - [ preamble ] result:
* driver: pdftex
* paper: a4paper
* layout: <same size as paper>
* layoutoffset:(h,v)=(0.0pt,0.0pt)
* bindingoffset: 56.9055pt
* modes: includehead includefoot twoside 
* h-part:(L,W,R)=(56.9055pt, 389.80269pt, 93.89418pt)
* v-part:(T,H,B)=(42.67912pt, 759.6886pt, 42.67912pt)
* \paperwidth=597.50787pt
* \paperheight=845.04684pt
* \textwidth=389.80269pt
* \textheight=693.49821pt
* \oddsidemargin=41.54102pt
* \evensidemargin=21.62419pt
* \topmargin=-29.59087pt
* \headheight=18.85364pt
* \headsep=19.8738pt
* \topskip=11.0pt
* \footskip=27.46295pt
* \marginparwidth=116.0pt
* \marginparsep=7.0pt
* \columnsep=10.0pt
* \skip\footins=10.0pt plus 4.0pt minus 2.0pt
* \hoffset=0.0pt
* \voffset=0.0pt
* \mag=1000
* \@twocolumnfalse
* \@twosidetrue
* \@mparswitchtrue
* \@reversemarginfalse
* (1in=72.27pt=25.4mm, 1cm=28.453pt)

\openout2 = `portada.aux'.

(portada.tex
LaTeX Font Info:    Trying to load font information for T1+phv on input line 14
.

(C:\Users\chris\AppData\Local\Programs\MiKTeX\tex/latex/psnfss\t1phv.fd
File: t1phv.fd 2020/03/25 scalable font definitions for T1/phv.
)
LaTeX Font Info:    Font shape `T1/phv/m/it' in size <10.95> not available
(Font)              Font shape `T1/phv/m/sl' tried instead on input line 48.
LaTeX Font Info:    Font shape `T1/phv/m/it' in size <10> not available
(Font)              Font shape `T1/phv/m/sl' tried instead on input line 48.


pdfTeX warning: pdflatex.exe (file ./Figures/fondo.pdf): PDF inclusion: found P
DF version <1.6>, but at most version <1.5> allowed
<Figures/fondo.pdf, id=267, 597.55246pt x 845.07718pt>
File: Figures/fondo.pdf Graphic file (type pdf)
<use Figures/fondo.pdf>
Package pdftex.def Info: Figures/fondo.pdf  used on input line 51.
(pdftex.def)             Requested size: 597.551pt x 845.04932pt.
[1



{C:/Users/chris/AppData/Local/MiKTeX/fonts/map/pdftex/pdftex.map}{C:/Users/chri
s/AppData/Local/Programs/MiKTeX/fonts/enc/dvips/base/8r.enc} <./Figures/fondo.p
df>]) [2



]
--------------------
 Resumen
--------------------
[1

] [2

]
--------------------
 Agradecimientos
--------------------
[3] [4

] (memorianueva.toc
LaTeX Info: Redefining \sptext on input line 1.
LaTeX Info: Redefining \. on input line 1.
LaTeX Info: Redefining \% on input line 1.
 [5])
\tf@toc=\write5
\openout5 = `memorianueva.toc'.

 [6] (memorianueva.lof
LaTeX Info: Redefining \sptext on input line 1.
LaTeX Info: Redefining \. on input line 1.
LaTeX Info: Redefining \% on input line 1.
)
\tf@lof=\write6
\openout6 = `memorianueva.lof'.

 [7

] [8

] (memorianueva.lot
LaTeX Info: Redefining \sptext on input line 1.
LaTeX Info: Redefining \. on input line 1.
LaTeX Info: Redefining \% on input line 1.
LaTeX Font Info:    Trying to load font information for T1+pcr on input line 9.

(C:\Users\chris\AppData\Local\Programs\MiKTeX\tex/latex/psnfss\t1pcr.fd
File: t1pcr.fd 2001/06/04 font definitions for T1/pcr.
))
\tf@lot=\write7
\openout7 = `memorianueva.lot'.


[9] [10

]
\openout2 = `Chapters/Chapter1.aux'.

 (Chapters/Chapter1.tex
Cap\'{\i }tulo 1.

pdfTeX warning (ext4): destination with the same identifier (name{page.1}) has 
been already used, duplicate ignored
<to be read again> 
                   \relax 
l.21 U
      na anomalÃ­a en este contexto operativo puede entenderse como un patrÃ...
[1


]
<./Figures/anomaly_example.png, id=510, 597.87pt x 249.003pt>
File: ./Figures/anomaly_example.png Graphic file (type png)
<use ./Figures/anomaly_example.png>
Package pdftex.def Info: ./Figures/anomaly_example.png  used on input line 27.
(pdftex.def)             Requested size: 331.33466pt x 138.00073pt.
LaTeX Info: Redefining \. on input line 41.
LaTeX Info: Redefining \% on input line 41.
Package babel Info: 'spanish' activates 'spanish' shorthands.
(babel)             Reported on input line 41.

pdfTeX warning (ext4): destination with the same identifier (name{page.2}) has 
been already used, duplicate ignored
<to be read again> 
                   \relax 
l.41 
      [2 <./Figures/anomaly_example.png>]
LaTeX Info: Redefining \. on input line 57.
LaTeX Info: Redefining \% on input line 57.
 [3]
Underfull \hbox (badness 5563) in paragraph at lines 72--72
[]|\T1/ppl/m/n/10.95 Series uni-va-ria-
 []


Underfull \hbox (badness 4378) in paragraph at lines 73--73
[]|\T1/ppl/m/n/10.95 Ventanas vec-to-
 []


Underfull \hbox (badness 10000) in paragraph at lines 74--74
[]|\T1/ppl/m/n/10.95 Autoencoder
 []


Underfull \hbox (badness 3590) in paragraph at lines 74--74
[]|\T1/ppl/m/n/10.95 Ventanas mul-ti-
 []


Underfull \hbox (badness 1577) in paragraph at lines 74--75
[]|\T1/ppl/m/n/10.95 Error de re-cons-truc-
 []


Underfull \hbox (badness 10000) in paragraph at lines 75--75
[]|\T1/ppl/m/n/10.95 Productos co-
 []


Underfull \hbox (badness 10000) in paragraph at lines 75--75
[]|\T1/ppl/m/n/10.95 Algoritmos pro-
 []


Underfull \hbox (badness 1173) in paragraph at lines 75--75
[]|\T1/ppl/m/n/10.95 Telemetría agre-
 []


Underfull \hbox (badness 10000) in paragraph at lines 75--76
[]|\T1/ppl/m/n/10.95 Integración con el
 []


Overfull \hbox (4.82098pt too wide) in paragraph at lines 68--78
 [][] 
 []

LaTeX Info: Redefining \. on input line 90.
LaTeX Info: Redefining \% on input line 90.
[4])
LaTeX Info: Redefining \. on input line 124.
LaTeX Info: Redefining \% on input line 124.
 [5]
\openout2 = `Chapters/Chapter2.aux'.

 (Chapters/Chapter2.tex [6




]
Cap\'{\i }tulo 2.

Underfull \hbox (badness 10000) in paragraph at lines 33--34
[]|\T1/ppl/m/n/10 Operaciones con arre-glos n-
 []


Underfull \hbox (badness 1783) in paragraph at lines 33--34
\T1/ppl/m/n/10 dimensionales y cálcu-lo del error de
 []


Underfull \hbox (badness 2237) in paragraph at lines 34--35
[]|\T1/ppl/m/n/10 Manipulación de se-ries tem-po-ra-les y
 []


Underfull \hbox (badness 10000) in paragraph at lines 37--37
[]|\T1/pcr/m/n/10 prometheus_
 []


Underfull \hbox (badness 10000) in paragraph at lines 41--41
[]|\T1/pcr/m/n/10 matplotlib \T1/ppl/m/n/10 /
 []

[7]
LaTeX Info: Redefining \. on input line 58.
LaTeX Info: Redefining \% on input line 58.
 [8]
LaTeX Info: Redefining \. on input line 80.
LaTeX Info: Redefining \% on input line 80.
 [9]
LaTeX Info: Redefining \. on input line 116.
LaTeX Info: Redefining \% on input line 116.
 [10])
LaTeX Info: Redefining \. on input line 125.
LaTeX Info: Redefining \% on input line 125.
 [11]
\openout2 = `Chapters/Chapter3.aux'.

 (Chapters/Chapter3.tex [12




]
Cap\'{\i }tulo 3.

Underfull \hbox (badness 1924) in paragraph at lines 20--21
[]\T1/ppl/m/n/10.95 Un clien-te de-di-ca-do (\T1/pcr/m/n/10.95 PrometheusClient
\T1/ppl/m/n/10.95 ) lee las con-sul-tas de-fi-ni-das en
 []

[13]
Underfull \hbox (badness 10000) in paragraph at lines 49--50
[]|\T1/ppl/m/n/9 Demanda ins-tan-tá-
 []


Underfull \hbox (badness 10000) in paragraph at lines 50--51
[]|\T1/ppl/m/n/9 Cola su-pe-rior de
 []


Underfull \hbox (badness 1057) in paragraph at lines 51--52
[]|\T1/ppl/m/n/9 Presión de me-mo-ria
 []


Underfull \hbox (badness 10000) in paragraph at lines 52--53
[]|\T1/ppl/m/n/9 Tasa de res-pues-tas
 []


Overfull \hbox (0.89082pt too wide) in paragraph at lines 45--56
 [][] 
 []

LaTeX Info: Redefining \. on input line 69.
LaTeX Info: Redefining \% on input line 69.
[14]
LaTeX Info: Redefining \. on input line 108.
LaTeX Info: Redefining \% on input line 108.
 [15]
<./Figures/sliding_window.png, id=641, 563.10374pt x 361.04887pt>
File: ./Figures/sliding_window.png Graphic file (type png)
<use ./Figures/sliding_window.png>
Package pdftex.def Info: ./Figures/sliding_window.png  used on input line 129.
(pdftex.def)             Requested size: 358.61775pt x 229.9356pt.
LaTeX Info: Redefining \. on input line 156.
LaTeX Info: Redefining \% on input line 156.
 [16]
LaTeX Info: Redefining \. on input line 188.
LaTeX Info: Redefining \% on input line 188.
 [17 <./Figures/sliding_window.png>]
<./Figures/infra_demo.png, id=654, 676.32675pt x 343.88475pt>
File: ./Figures/infra_demo.png Graphic file (type png)
<use ./Figures/infra_demo.png>
Package pdftex.def Info: ./Figures/infra_demo.png  used on input line 196.
(pdftex.def)             Requested size: 350.82004pt x 178.38033pt.

Underfull \hbox (badness 10000) in paragraph at lines 205--206
[]\T1/ppl/m/n/10.95 Las eta-pas \T1/pcr/m/n/10.95 Encoder LSTM \T1/ppl/m/n/10.9
5 y \T1/pcr/m/n/10.95 Decoder LSTM \T1/ppl/m/n/10.95 im-ple-men-tan el es-que-
 []


Underfull \hbox (badness 3118) in paragraph at lines 205--206
\T1/ppl/m/n/10.95 ma codificador--\T1/ppl/m/it/10.95 bottleneck\T1/ppl/m/n/10.9
5 --decodificador de Mal-ho-tra et al. en el mó-du-lo
 []

<./Figures/flow_diag.png, id=656, 593.96906pt x 636.12656pt>
File: ./Figures/flow_diag.png Graphic file (type png)
<use ./Figures/flow_diag.png>
Package pdftex.def Info: ./Figures/flow_diag.png  used on input line 209.
(pdftex.def)             Requested size: 358.61775pt x 384.08609pt.
LaTeX Info: Redefining \. on input line 213.
LaTeX Info: Redefining \% on input line 213.
[18 <./Figures/infra_demo.png>]
<./Figures/lstm_autoencoder_arch.png, id=663, 821.81314pt x 503.82515pt>
File: ./Figures/lstm_autoencoder_arch.png Graphic file (type png)
<use ./Figures/lstm_autoencoder_arch.png>
Package pdftex.def Info: ./Figures/lstm_autoencoder_arch.png  used on input lin
e 224.
(pdftex.def)             Requested size: 370.31136pt x 227.02672pt.
LaTeX Info: Redefining \. on input line 228.
LaTeX Info: Redefining \% on input line 228.
 [19 <./Figures/flow_diag.png>]
Underfull \hbox (badness 1043) in paragraph at lines 245--245
[]|\T1/ppl/m/n/10 LSTM de-co-di-fi-ca-dor
 []

LaTeX Info: Redefining \. on input line 264.
LaTeX Info: Redefining \% on input line 264.
[20 <./Figures/lstm_autoencoder_arch.png>]
LaTeX Info: Redefining \. on input line 315.
LaTeX Info: Redefining \% on input line 315.
 [21]
Underfull \hbox (badness 10000) in paragraph at lines 354--354
[]|\T1/ppl/m/n/10 Cantidad apro-xi-ma-da de
 []


Underfull \hbox (badness 10000) in paragraph at lines 356--357
[]|\T1/pcr/m/n/10 hour_sin\T1/ppl/m/n/10 , \T1/pcr/m/n/10 hour_cos\T1/ppl/m/n/1
0 , \T1/pcr/m/n/10 dayofweek_sin\T1/ppl/m/n/10 ,
 []

LaTeX Info: Redefining \. on input line 366.
LaTeX Info: Redefining \% on input line 366.
[22]
<./Figures/dataset_distribution.png, id=704, 657.0pt x 401.0985pt>
File: ./Figures/dataset_distribution.png Graphic file (type png)
<use ./Figures/dataset_distribution.png>
Package pdftex.def Info: ./Figures/dataset_distribution.png  used on input line
 369.
(pdftex.def)             Requested size: 358.61775pt x 218.94012pt.
LaTeX Info: Redefining \. on input line 375.
LaTeX Info: Redefining \% on input line 375.
 [23 <./Figures/dataset_distribution.png>]
LaTeX Info: Redefining \. on input line 415.
LaTeX Info: Redefining \% on input line 415.
 [24]
Underfull \hbox (badness 1199) in paragraph at lines 450--451
[]\T1/ppl/m/n/10.95 Se reali-zó una bús-que-da aco-ta-da de con-fi-gu-ra-cio-ne
s al-ter-na-ti-vas me-dian-te
 []

LaTeX Info: Redefining \. on input line 455.
LaTeX Info: Redefining \% on input line 455.
[25]
Underfull \hbox (badness 10000) in paragraph at lines 458--458
 []\T1/ppl/m/sc/10 Tabla 3.11. |\T1/ppl/m/n/10 Ex-plo-ra-ción de con-fi-gu-ra-c
io-nes al-ter-na-ti-vas 
 []

LaTeX Info: Redefining \. on input line 494.
LaTeX Info: Redefining \% on input line 494.
[26]
LaTeX Info: Redefining \. on input line 530.
LaTeX Info: Redefining \% on input line 530.
 [27]
Underfull \hbox (badness 10000) in paragraph at lines 537--538
[]\T1/ppl/m/n/10.95 El ge-ne-ra-dor \T1/pcr/m/n/10.95 GrafanaLinkGenerator \T1/
ppl/m/n/10.95 cons-tru-yó URLs al \T1/ppl/m/it/10.95 dash-board
 []

LaTeX Info: Redefining \. on input line 586.
LaTeX Info: Redefining \% on input line 586.
[28]
LaTeX Info: Redefining \. on input line 607.
LaTeX Info: Redefining \% on input line 607.
 [29])
LaTeX Info: Redefining \. on input line 126.
LaTeX Info: Redefining \% on input line 126.
 [30]
\openout2 = `Chapters/Chapter4.aux'.

 (Chapters/Chapter4.tex
Cap\'{\i }tulo 4.
[31




]
LaTeX Info: Redefining \. on input line 62.
LaTeX Info: Redefining \% on input line 62.
 [32]
<./Figures/evaluacion_modelo.png, id=782, 860.013pt x 642.4803pt>
File: ./Figures/evaluacion_modelo.png Graphic file (type png)
<use ./Figures/evaluacion_modelo.png>
Package pdftex.def Info: ./Figures/evaluacion_modelo.png  used on input line 71
.
(pdftex.def)             Requested size: 370.31136pt x 276.64348pt.
LaTeX Info: Redefining \. on input line 77.
LaTeX Info: Redefining \% on input line 77.
 [33 <./Figures/evaluacion_modelo.png>]
<./Figures/reconstruccion_ejemplo.png, id=789, 860.013pt x 323.40825pt>
File: ./Figures/reconstruccion_ejemplo.png Graphic file (type png)
<use ./Figures/reconstruccion_ejemplo.png>
Package pdftex.def Info: ./Figures/reconstruccion_ejemplo.png  used on input li
ne 84.
(pdftex.def)             Requested size: 370.31136pt x 139.25528pt.
LaTeX Info: Redefining \. on input line 116.
LaTeX Info: Redefining \% on input line 116.
 [34 <./Figures/reconstruccion_ejemplo.png>]
<./Figures/barrido_umbral.png, id=800, 499.3857pt x 339.30765pt>
File: ./Figures/barrido_umbral.png Graphic file (type png)
<use ./Figures/barrido_umbral.png>
Package pdftex.def Info: ./Figures/barrido_umbral.png  used on input line 139.
(pdftex.def)             Requested size: 280.6584pt x 190.6944pt.
LaTeX Info: Redefining \. on input line 147.
LaTeX Info: Redefining \% on input line 147.
 [35 <./Figures/barrido_umbral.png>]

LaTeX Warning: `h' float specifier changed to `ht'.

LaTeX Info: Redefining \. on input line 195.
LaTeX Info: Redefining \% on input line 195.
[36]
LaTeX Info: Redefining \. on input line 209.
LaTeX Info: Redefining \% on input line 209.
 [37]
LaTeX Info: Redefining \. on input line 247.
LaTeX Info: Redefining \% on input line 247.
 [38]
LaTeX Info: Redefining \. on input line 282.
LaTeX Info: Redefining \% on input line 282.
 [39]
<./Figures/demo_grafana.png, id=838, 1927.2pt x 1084.05pt>
File: ./Figures/demo_grafana.png Graphic file (type png)
<use ./Figures/demo_grafana.png>
Package pdftex.def Info: ./Figures/demo_grafana.png  used on input line 285.
(pdftex.def)             Requested size: 389.80269pt x 219.25426pt.
<./Figures/demo_logs.png, id=840, 904.0977pt x 294.3798pt>
File: ./Figures/demo_logs.png Graphic file (type png)
<use ./Figures/demo_logs.png>
Package pdftex.def Info: ./Figures/demo_logs.png  used on input line 294.
(pdftex.def)             Requested size: 389.80269pt x 126.92223pt.
LaTeX Info: Redefining \. on input line 300.
LaTeX Info: Redefining \% on input line 300.
 [40 <./Figures/demo_grafana.png (PNG copy)> <./Figures/demo_logs.png>]
<./Figures/demo_jsm_alerta.png, id=847, 450.18187pt x 718.93594pt>
File: ./Figures/demo_jsm_alerta.png Graphic file (type png)
<use ./Figures/demo_jsm_alerta.png>
Package pdftex.def Info: ./Figures/demo_jsm_alerta.png  used on input line 305.

(pdftex.def)             Requested size: 187.10362pt x 298.80263pt.
<./Figures/demo_jsm_escalacion.png, id=848, 441.90094pt x 717.43031pt>
File: ./Figures/demo_jsm_escalacion.png Graphic file (type png)
<use ./Figures/demo_jsm_escalacion.png>
Package pdftex.def Info: ./Figures/demo_jsm_escalacion.png  used on input line 
310.
(pdftex.def)             Requested size: 187.10362pt x 303.77083pt.
<./Figures/ciclo_vida_alerta.png, id=852, 562.0197pt x 512.6352pt>
File: ./Figures/ciclo_vida_alerta.png Graphic file (type png)
<use ./Figures/ciclo_vida_alerta.png>
Package pdftex.def Info: ./Figures/ciclo_vida_alerta.png  used on input line 32
5.
(pdftex.def)             Requested size: 304.04561pt x 277.33514pt.
LaTeX Info: Redefining \. on input line 329.
LaTeX Info: Redefining \% on input line 329.
 [41 <./Figures/demo_jsm_alerta.png> <./Figures/demo_jsm_escalacion.png>])
LaTeX Info: Redefining \. on input line 127.
LaTeX Info: Redefining \% on input line 127.
 [42 <./Figures/ciclo_vida_alerta.png>]
LaTeX Info: Redefining \. on input line 127.
LaTeX Info: Redefining \% on input line 127.
 [43]
\openout2 = `Chapters/Chapter5.aux'.

 (Chapters/Chapter5.tex
[44




]
Cap\'{\i }tulo 5.
[45]
Overfull \hbox (3.6173pt too wide) in paragraph at lines 36--37
\T1/ppl/m/n/10.95 trá-fi-co pro-lon-ga-das, me-dian-te va-ria-bles de-ri-va-das
 adi-cio-na-les, ven-ta-nas más
 []

LaTeX Info: Redefining \. on input line 38.
LaTeX Info: Redefining \% on input line 38.
[46])
LaTeX Info: Redefining \. on input line 128.
LaTeX Info: Redefining \% on input line 128.
 [47] [48



]
Overfull \hbox (0.85327pt too wide) in paragraph at lines 146--146
\T1/ppl/m/n/10.95 Pi-sa, Italy: IEEE Com-pu-ter So-ciety, 2008, págs. 413[]422.
 \T1/ppl/m/sc/10.95 doi\T1/ppl/m/n/10.95 : [][]$10 . 1109 / ICDM .
 []


Overfull \hbox (9.54956pt too wide) in paragraph at lines 146--146
\T1/ppl/m/it/10.95 analy-tics, in-ter-ac-ti-ve dash-boards, and mo-ni-to-ring\T
1/ppl/m/n/10.95 . Bir-mingham: Packt Pu-blishing,
 []


Overfull \hbox (0.40674pt too wide) in paragraph at lines 146--146
[]\T1/ppl/m/n/10.95 Atlassian. \T1/ppl/m/it/10.95 Ops-ge-nie: Mo-dern in-ci-den
t ma-na-ge-ment and res-pon-se\T1/ppl/m/n/10.95 . [][]$https : / / www .
 []


Overfull \hbox (4.70015pt too wide) in paragraph at lines 146--146
[]\T1/ppl/m/n/10.95 John D. Hun-ter et al. \T1/ppl/m/it/10.95 Mat-plotlib: Vi-s
ua-li-za-tion with Python\T1/ppl/m/n/10.95 . [][]$https : / / matplotlib .
 []

[49]
Overfull \hbox (16.36856pt too wide) in paragraph at lines 146--146
[]\T1/ppl/m/n/10.95 Numenta. \T1/ppl/m/it/10.95 Nu-men-ta Ano-maly Bench-mark (
NAB)\T1/ppl/m/n/10.95 . [][]$https : / / github . com / numenta /
 []

LaTeX Info: Redefining \. on input line 148.
LaTeX Info: Redefining \% on input line 148.
[50] (memorianueva.aux (portada.aux)
LaTeX Info: Redefining \sptext on input line 16.
LaTeX Info: Redefining \. on input line 16.
LaTeX Info: Redefining \% on input line 16.
 (Chapters/Chapter1.aux)
(Chapters/Chapter2.aux) (Chapters/Chapter3.aux) (Chapters/Chapter4.aux)
(Chapters/Chapter5.aux))
 ***********
LaTeX2e <2025-11-01>
L3 programming layer <2020/03/25>
 ***********


LaTeX Warning: There were undefined references.

Package rerunfilecheck Info: File `memorianueva.out' has not changed.
(rerunfilecheck)             Checksum: AB89EC35E89F80EEBEE3941598A15DF1;13982.

Package biblatex Warning: Please (re)run BibTeX on the file(s):
(biblatex)                memorianueva
(biblatex)                and rerun LaTeX afterwards.

Package logreq Info: Writing requests to 'memorianueva.run.xml'.
\openout1 = `memorianueva.run.xml'.

 ) 
Here is how much of TeX's memory you used:
 32849 strings out of 467871
 713430 string characters out of 5418377
 1354217 words of memory out of 5000000
 61088 multiletter control sequences out of 15000+600000
 691543 words of font info for 122 fonts, out of 8000000 for 9000
 1142 hyphenation exceptions out of 8191
 96i,21n,95p,1971b,2968s stack positions out of 10000i,1000n,20000p,200000b,200000s
<C:/Users/chris/AppData/Local/Programs/MiKTeX/fonts/type1/public/amsfonts/cm/
cmex10.pfb><C:/Users/chris/AppData/Local/Programs/MiKTeX/fonts/type1/public/ams
fonts/cm/cmmi10.pfb><C:/Users/chris/AppData/Local/Programs/MiKTeX/fonts/type1/p
ublic/amsfonts/cm/cmmi8.pfb><C:/Users/chris/AppData/Local/Programs/MiKTeX/fonts
/type1/public/amsfonts/cm/cmr10.pfb><C:/Users/chris/AppData/Local/Programs/MiKT
eX/fonts/type1/public/amsfonts/cm/cmr6.pfb><C:/Users/chris/AppData/Local/Progra
ms/MiKTeX/fonts/type1/public/amsfonts/cm/cmr7.pfb><C:/Users/chris/AppData/Local
/Programs/MiKTeX/fonts/type1/public/amsfonts/cm/cmr8.pfb><C:/Users/chris/AppDat
a/Local/Programs/MiKTeX/fonts/type1/public/amsfonts/cm/cmr9.pfb><C:/Users/chris
/AppData/Local/Programs/MiKTeX/fonts/type1/public/amsfonts/cm/cmsy10.pfb><C:/Us
ers/chris/AppData/Local/Programs/MiKTeX/fonts/type1/public/amsfonts/cm/cmsy8.pf
b><C:/Users/chris/AppData/Local/Programs/MiKTeX/fonts/type1/public/amsfonts/cm/
cmsy9.pfb><C:/Users/chris/AppData/Local/Programs/MiKTeX/fonts/type1/urw/courier
/ucrb8a.pfb><C:/Users/chris/AppData/Local/Programs/MiKTeX/fonts/type1/urw/couri
er/ucrr8a.pfb><C:/Users/chris/AppData/Local/Programs/MiKTeX/fonts/type1/urw/hel
vetic/uhvb8a.pfb><C:/Users/chris/AppData/Local/Programs/MiKTeX/fonts/type1/urw/
helvetic/uhvr8a.pfb><C:/Users/chris/AppData/Local/Programs/MiKTeX/fonts/type1/u
rw/helvetic/uhvro8a.pfb><C:/Users/chris/AppData/Local/Programs/MiKTeX/fonts/typ
e1/urw/palatino/uplb8a.pfb><C:/Users/chris/AppData/Local/Programs/MiKTeX/fonts/
type1/urw/palatino/uplr8a.pfb><C:/Users/chris/AppData/Local/Programs/MiKTeX/fon
ts/type1/urw/palatino/uplr8a.pfb><C:/Users/chris/AppData/Local/Programs/MiKTeX/
fonts/type1/urw/palatino/uplri8a.pfb>
Output written on memorianueva.pdf (62 pages, 2376439 bytes).
PDF statistics:
 1072 PDF objects out of 1200 (max. 8388607)
 237 named destinations out of 1000 (max. 500000)
 604 words of extra memory for PDF output out of 10000 (max. 10000000)

